This is pdfTeX, Version 3.141592653-2.6-1.40.29 (TeX Live 2026/Arch Linux) (preloaded format=pdflatex 2026.3.20)  23 MAR 2026 21:51
entering extended mode
 restricted \write18 enabled.
 %&-line parsing enabled.
**ProjetP.tex
(/usr/share/texmf-dist/tex/latex/tools/q.tex
LaTeX2e <2025-11-01>
L3 programming layer <2026-01-19>
File ignored
)
! Emergency stop.
<*> ProjetP.tex
               
*** (job aborted, no legal \end found)

 
Here is how much of TeX's memory you used:
 16 strings out of 469486
 450 string characters out of 5469658
 433756 words of memory out of 5000000
 28776 multiletter control sequences out of 15000+600000
 627721 words of font info for 40 fonts, out of 8000000 for 9000
 14 hyphenation exceptions out of 8191
 12i,0n,13p,91b,8s stack positions out of 10000i,1000n,20000p,200000b,200000s
!  ==> Fatal error occurred, no output PDF file produced!
